05-25 12:15:46.757  8364  8387 I TestRunner: started: vertical_scrolling(com.example.dogglers.VerticalListTests)
05-25 12:15:46.767  8364  8387 W Settings: Setting always_finish_activities has moved from android.provider.Settings.System to android.provider.Settings.Global, returning read-only value.
05-25 12:15:46.788   785   901 D SplashScreenView: Build android.window.SplashScreenView{b231f85 V.E...... ......ID 0,0-0,0}
05-25 12:15:46.788   785   901 D SplashScreenView: Icon: view: null drawable: null size: 0
05-25 12:15:46.788   785   901 D SplashScreenView: Branding: view: android.view.View{76d21da G.ED..... ......I. 0,0-0,0 #10204a9 android:id/splashscreen_branding_view} drawable: null size w: 0 h: 0
05-25 12:15:46.799   587   982 W InputReader: Device virtio_input_multi_touch_4 is associated with display ADISPLAY_ID_NONE.
05-25 12:15:46.799   587   982 W InputReader: Device virtio_input_multi_touch_5 is associated with display ADISPLAY_ID_NONE.
05-25 12:15:46.799   587   982 W InputReader: Device virtio_input_multi_touch_11 is associated with display ADISPLAY_ID_NONE.
05-25 12:15:46.799   587   982 W InputReader: Device virtio_input_multi_touch_8 is associated with display ADISPLAY_ID_NONE.
05-25 12:15:46.800   587   982 W InputReader: Device virtio_input_multi_touch_2 is associated with display ADISPLAY_ID_NONE.
05-25 12:15:46.800   587   982 W InputReader: Device virtio_input_multi_touch_10 is associated with display ADISPLAY_ID_NONE.
05-25 12:15:46.801   587   982 W InputReader: Device virtio_input_multi_touch_7 is associated with display ADISPLAY_ID_NONE.
05-25 12:15:46.801   587   982 W InputReader: Device virtio_input_multi_touch_9 is associated with display ADISPLAY_ID_NONE.
05-25 12:15:46.801   587   982 W InputReader: Device virtio_input_multi_touch_6 is associated with display ADISPLAY_ID_NONE.
05-25 12:15:46.801   587   982 W InputReader: Device virtio_input_multi_touch_3 is associated with display ADISPLAY_ID_NONE.
05-25 12:15:46.802   587   982 W InputReader: Device virtio_input_multi_touch_4 is associated with display ADISPLAY_ID_NONE.
05-25 12:15:46.802   587   982 W InputReader: Device virtio_input_multi_touch_5 is associated with display ADISPLAY_ID_NONE.
05-25 12:15:46.804   587   982 W InputReader: Device virtio_input_multi_touch_11 is associated with display ADISPLAY_ID_NONE.
05-25 12:15:46.808   587   982 W InputReader: Device virtio_input_multi_touch_8 is associated with display ADISPLAY_ID_NONE.
05-25 12:15:46.808   587   982 W InputReader: Device virtio_input_multi_touch_2 is associated with display ADISPLAY_ID_NONE.
05-25 12:15:46.808   587   982 W InputReader: Device virtio_input_multi_touch_10 is associated with display ADISPLAY_ID_NONE.
05-25 12:15:46.808   587   982 W InputReader: Device virtio_input_multi_touch_7 is associated with display ADISPLAY_ID_NONE.
05-25 12:15:46.808   587   982 W InputReader: Device virtio_input_multi_touch_9 is associated with display ADISPLAY_ID_NONE.
05-25 12:15:46.810   587   982 W InputReader: Device virtio_input_multi_touch_6 is associated with display ADISPLAY_ID_NONE.
05-25 12:15:46.811   587   982 W InputReader: Device virtio_input_multi_touch_3 is associated with display ADISPLAY_ID_NONE.
05-25 12:15:46.825  8364  8364 D LifecycleMonitor: Lifecycle status change: androidx.test.core.app.InstrumentationActivityInvoker$BootstrapActivity@adfa729 in: PRE_ON_CREATE
05-25 12:15:46.828  8364  8364 V ActivityScenario: Activity lifecycle changed event received but ignored because the intent does not match. startActivityIntent=Intent { act=android.intent.action.MAIN cat=[android.intent.category.LAUNCHER] cmp=com.example.dogglers/.VerticalListActivity }, activity.getIntent()=Intent { act=android.intent.action.MAIN cat=[android.intent.category.LAUNCHER] flg=0x10008000 cmp=com.example.dogglers/androidx.test.core.app.InstrumentationActivityInvoker$BootstrapActivity (has extras) }, activity=androidx.test.core.app.InstrumentationActivityInvoker$BootstrapActivity@adfa729
05-25 12:15:46.837  8364  8364 D LifecycleMonitor: Lifecycle status change: androidx.test.core.app.InstrumentationActivityInvoker$BootstrapActivity@adfa729 in: CREATED
05-25 12:15:46.838  8364  8364 V ActivityScenario: Activity lifecycle changed event received but ignored because the intent does not match. startActivityIntent=Intent { act=android.intent.action.MAIN cat=[android.intent.category.LAUNCHER] cmp=com.example.dogglers/.VerticalListActivity }, activity.getIntent()=Intent { act=android.intent.action.MAIN cat=[android.intent.category.LAUNCHER] flg=0x10008000 cmp=com.example.dogglers/androidx.test.core.app.InstrumentationActivityInvoker$BootstrapActivity (has extras) }, activity=androidx.test.core.app.InstrumentationActivityInvoker$BootstrapActivity@adfa729
05-25 12:15:46.842  8364  8364 D LifecycleMonitor: Lifecycle status change: androidx.test.core.app.InstrumentationActivityInvoker$BootstrapActivity@adfa729 in: STARTED
05-25 12:15:46.849  8364  8364 V ActivityScenario: Activity lifecycle changed event received but ignored because the intent does not match. startActivityIntent=Intent { act=android.intent.action.MAIN cat=[android.intent.category.LAUNCHER] cmp=com.example.dogglers/.VerticalListActivity }, activity.getIntent()=Intent { act=android.intent.action.MAIN cat=[android.intent.category.LAUNCHER] flg=0x10008000 cmp=com.example.dogglers/androidx.test.core.app.InstrumentationActivityInvoker$BootstrapActivity (has extras) }, activity=androidx.test.core.app.InstrumentationActivityInvoker$BootstrapActivity@adfa729
05-25 12:15:46.858  8364  8364 D LifecycleMonitor: Lifecycle status change: androidx.test.core.app.InstrumentationActivityInvoker$BootstrapActivity@adfa729 in: RESUMED
05-25 12:15:46.858  8364  8364 V ActivityScenario: Activity lifecycle changed event received but ignored because the intent does not match. startActivityIntent=Intent { act=android.intent.action.MAIN cat=[android.intent.category.LAUNCHER] cmp=com.example.dogglers/.VerticalListActivity }, activity.getIntent()=Intent { act=android.intent.action.MAIN cat=[android.intent.category.LAUNCHER] flg=0x10008000 cmp=com.example.dogglers/androidx.test.core.app.InstrumentationActivityInvoker$BootstrapActivity (has extras) }, activity=androidx.test.core.app.InstrumentationActivityInvoker$BootstrapActivity@adfa729
05-25 12:15:46.863  8364  8364 D LifecycleMonitor: Lifecycle status change: androidx.test.core.app.InstrumentationActivityInvoker$BootstrapActivity@adfa729 in: PAUSED
05-25 12:15:46.863  8364  8364 V ActivityScenario: Activity lifecycle changed event received but ignored because the intent does not match. startActivityIntent=Intent { act=android.intent.action.MAIN cat=[android.intent.category.LAUNCHER] cmp=com.example.dogglers/.VerticalListActivity }, activity.getIntent()=Intent { act=android.intent.action.MAIN cat=[android.intent.category.LAUNCHER] flg=0x10008000 cmp=com.example.dogglers/androidx.test.core.app.InstrumentationActivityInvoker$BootstrapActivity (has extras) }, activity=androidx.test.core.app.InstrumentationActivityInvoker$BootstrapActivity@adfa729
05-25 12:15:46.865   587   982 W InputReader: Device virtio_input_multi_touch_4 is associated with display ADISPLAY_ID_NONE.
05-25 12:15:46.865   587   982 W InputReader: Device virtio_input_multi_touch_5 is associated with display ADISPLAY_ID_NONE.
05-25 12:15:46.865   587   982 W InputReader: Device virtio_input_multi_touch_11 is associated with display ADISPLAY_ID_NONE.
05-25 12:15:46.865   587   982 W InputReader: Device virtio_input_multi_touch_8 is associated with display ADISPLAY_ID_NONE.
05-25 12:15:46.865   587   982 W InputReader: Device virtio_input_multi_touch_2 is associated with display ADISPLAY_ID_NONE.
05-25 12:15:46.865   587   982 W InputReader: Device virtio_input_multi_touch_10 is associated with display ADISPLAY_ID_NONE.
05-25 12:15:46.865   587   982 W InputReader: Device virtio_input_multi_touch_7 is associated with display ADISPLAY_ID_NONE.
05-25 12:15:46.866   587   982 W InputReader: Device virtio_input_multi_touch_9 is associated with display ADISPLAY_ID_NONE.
05-25 12:15:46.866   587   982 W InputReader: Device virtio_input_multi_touch_6 is associated with display ADISPLAY_ID_NONE.
05-25 12:15:46.866   587   982 W InputReader: Device virtio_input_multi_touch_3 is associated with display ADISPLAY_ID_NONE.
05-25 12:15:46.866   587   982 W InputReader: Device virtio_input_multi_touch_4 is associated with display ADISPLAY_ID_NONE.
05-25 12:15:46.866   587   982 W InputReader: Device virtio_input_multi_touch_5 is associated with display ADISPLAY_ID_NONE.
05-25 12:15:46.866   587   982 W InputReader: Device virtio_input_multi_touch_11 is associated with display ADISPLAY_ID_NONE.
05-25 12:15:46.867   587   982 W InputReader: Device virtio_input_multi_touch_8 is associated with display ADISPLAY_ID_NONE.
05-25 12:15:46.867   587   982 W InputReader: Device virtio_input_multi_touch_2 is associated with display ADISPLAY_ID_NONE.
05-25 12:15:46.867   587   982 W InputReader: Device virtio_input_multi_touch_10 is associated with display ADISPLAY_ID_NONE.
05-25 12:15:46.867   587   982 W InputReader: Device virtio_input_multi_touch_7 is associated with display ADISPLAY_ID_NONE.
05-25 12:15:46.867   587   982 W InputReader: Device virtio_input_multi_touch_9 is associated with display ADISPLAY_ID_NONE.
05-25 12:15:46.868   587   982 W InputReader: Device virtio_input_multi_touch_6 is associated with display ADISPLAY_ID_NONE.
05-25 12:15:46.868   587   982 W InputReader: Device virtio_input_multi_touch_3 is associated with display ADISPLAY_ID_NONE.
05-25 12:15:46.890  8364  8364 D LifecycleMonitor: Lifecycle status change: com.example.dogglers.VerticalListActivity@9b3a26b in: PRE_ON_CREATE
05-25 12:15:46.891  8364  8364 V ActivityScenario: Activity lifecycle changed event received but ignored because the reported transition was not ON_CREATE while the last known transition was PRE_ON_CREATE
05-25 12:15:46.904  1458  1458 I GsaVoiceInteractionSrv: Handling ACTION_STOP_HOTWORD
05-25 12:15:46.904  1458  1458 E HwDetectorWithState: a: 3
05-25 12:15:46.936   378   511 D goldfish-address-space: claimShared: Ask to claim region [0x3f2f25000 0x3f38c9000]
05-25 12:15:46.938  8364  8364 D LifecycleMonitor: Lifecycle status change: com.example.dogglers.VerticalListActivity@9b3a26b in: CREATED
05-25 12:15:46.939   378   511 D goldfish-address-space: claimShared: Ask to claim region [0x3f09a4000 0x3f1348000]
05-25 12:15:46.941  8364  8364 V ActivityScenario: Update currentActivityStage to CREATED, currentActivity=com.example.dogglers.VerticalListActivity@9b3a26b
05-25 12:15:46.942   378   511 D goldfish-address-space: claimShared: Ask to claim region [0x3f1348000 0x3f1cec000]
05-25 12:15:46.948  8364  8364 D LifecycleMonitor: Lifecycle status change: com.example.dogglers.VerticalListActivity@9b3a26b in: STARTED
05-25 12:15:46.949  8364  8364 V ActivityScenario: Update currentActivityStage to STARTED, currentActivity=com.example.dogglers.VerticalListActivity@9b3a26b
05-25 12:15:46.951  8364  8364 D LifecycleMonitor: Lifecycle status change: com.example.dogglers.VerticalListActivity@9b3a26b in: RESUMED
05-25 12:15:46.951  8364  8364 V ActivityScenario: Update currentActivityStage to RESUMED, currentActivity=com.example.dogglers.VerticalListActivity@9b3a26b
05-25 12:15:46.972  8364  8364 D LifecycleMonitor: Lifecycle status change: androidx.test.core.app.InstrumentationActivityInvoker$BootstrapActivity@adfa729 in: STOPPED
05-25 12:15:46.973  8364  8364 V ActivityScenario: Activity lifecycle changed event received but ignored because the intent does not match. startActivityIntent=Intent { act=android.intent.action.MAIN cat=[android.intent.category.LAUNCHER] cmp=com.example.dogglers/.VerticalListActivity }, activity.getIntent()=Intent { act=android.intent.action.MAIN cat=[android.intent.category.LAUNCHER] flg=0x10008000 cmp=com.example.dogglers/androidx.test.core.app.InstrumentationActivityInvoker$BootstrapActivity (has extras) }, activity=androidx.test.core.app.InstrumentationActivityInvoker$BootstrapActivity@adfa729
05-25 12:15:47.018   378   511 D goldfish-address-space: claimShared: Ask to claim region [0x3f8000000 0x3f89a4000]
05-25 12:15:47.024   378   511 D goldfish-address-space: claimShared: Ask to claim region [0x3f89a4000 0x3f9348000]
05-25 12:15:47.034   378   511 D goldfish-address-space: claimShared: Ask to claim region [0x3f9348000 0x3f9cec000]
05-25 12:15:47.122   785   915 D EGL_emulation: app_time_stats: avg=10.54ms min=2.03ms max=50.57ms count=50
05-25 12:15:47.138   587   610 I ActivityTaskManager: Displayed com.example.dogglers/.VerticalListActivity: +361ms
05-25 12:15:47.168  1322  1322 I GoogleInputMethodService: GoogleInputMethodService.onFinishInput():3269
05-25 12:15:47.171  1322  1322 I GoogleInputMethodService: GoogleInputMethodService.onStartInput():1947
05-25 12:15:47.177  1322  1322 I DeviceUnlockedTag: DeviceUnlockedTag.notifyDeviceLockStatusChanged():79 Notify device unlocked.
05-25 12:15:47.235  8364  8364 I ViewInteraction: Performing 'fast swipe' action on view view.getId() is <2131231206/com.example.dogglers:id/vertical_recycler_view>
05-25 12:15:47.253  1098  1098 D TaplEvents: TIS / TouchInteractionService.onInputEvent: MotionEvent { action=ACTION_DOWN, actionButton=0, id[0]=0, x[0]=539.5, y[0]=2128.502, toolType[0]=TOOL_TYPE_UNKNOWN, buttonState=BUTTON_PRIMARY, classification=NONE, metaState=0, flags=0x0, edgeFlags=0x0, pointerCount=1, historySize=0, eventTime=1289819, downTime=1289819, deviceId=-1, source=0x1002, displayId=0, eventId=-319544201 }
05-25 12:15:47.329  1667  1667 I A       : onApplyWindowInsets: systemWindowInsets=Insets{left=0, top=136, right=0, bottom=44}
05-25 12:15:47.329  1667  1667 I A       : onApplyWindowInsets: Adjusting for display cutouts. Safe insets: left=0, top=136, right=0, bottom=0
05-25 12:15:47.330  1667  1667 I A       : onApplyWindowInsets: systemWindowInsets=Insets{left=0, top=136, right=0, bottom=44}
05-25 12:15:47.412  1098  1098 D TaplEvents: TIS / TouchInteractionService.onInputEvent: MotionEvent { action=ACTION_UP, actionButton=0, id[0]=0, x[0]=539.5, y[0]=290.0, toolType[0]=TOOL_TYPE_UNKNOWN, buttonState=0, classification=NONE, metaState=0, flags=0x0, edgeFlags=0x0, pointerCount=1, historySize=0, eventTime=1289984, downTime=1289819, deviceId=-1, source=0x1002, displayId=0, eventId=-390962555 }
05-25 12:15:47.482   587  1579 W InputManager-JNI: Input channel object '1402ff0 Splash Screen com.example.dogglers (client)' was disposed without first being removed with the input manager!
05-25 12:15:47.568  8364  8364 I ViewInteraction: Checking 'MatchesViewAssertion{viewMatcher=(view has effective visibility <VISIBLE> and view.getGlobalVisibleRect() to return non-empty rectangle)}' assertion on view an instance of android.widget.TextView and view.getText() with or without transformation to match: is "Faye"
05-25 12:15:47.568  8364  8364 E ViewAssertions: '(view has effective visibility <VISIBLE> and view.getGlobalVisibleRect() to return non-empty rectangle)' check could not be performed because view 'an instance of android.widget.TextView and view.getText() with or without transformation to match: is "Faye"' was not found.
05-25 12:15:47.575  8364  8364 D CompatibilityChangeReporter: Compat change id reported: 171228096; UID 10148; state: ENABLED
05-25 12:15:47.677  8364  8364 D LifecycleMonitor: Lifecycle status change: com.example.dogglers.VerticalListActivity@9b3a26b in: PAUSED
05-25 12:15:47.681  8364  8364 V ActivityScenario: Update currentActivityStage to PAUSED, currentActivity=com.example.dogglers.VerticalListActivity@9b3a26b
05-25 12:15:47.684   587  1521 W InputReader: Device virtio_input_multi_touch_4 is associated with display ADISPLAY_ID_NONE.
05-25 12:15:47.684   587  1521 W InputReader: Device virtio_input_multi_touch_5 is associated with display ADISPLAY_ID_NONE.
05-25 12:15:47.684   587  1521 W InputReader: Device virtio_input_multi_touch_11 is associated with display ADISPLAY_ID_NONE.
05-25 12:15:47.684   587  1521 W InputReader: Device virtio_input_multi_touch_8 is associated with display ADISPLAY_ID_NONE.
05-25 12:15:47.684   587  1521 W InputReader: Device virtio_input_multi_touch_2 is associated with display ADISPLAY_ID_NONE.
05-25 12:15:47.684   587  1521 W InputReader: Device virtio_input_multi_touch_10 is associated with display ADISPLAY_ID_NONE.
05-25 12:15:47.684   587  1521 W InputReader: Device virtio_input_multi_touch_7 is associated with display ADISPLAY_ID_NONE.
05-25 12:15:47.685   587  1521 W InputReader: Device virtio_input_multi_touch_9 is associated with display ADISPLAY_ID_NONE.
05-25 12:15:47.685   587  1521 W InputReader: Device virtio_input_multi_touch_6 is associated with display ADISPLAY_ID_NONE.
05-25 12:15:47.685   587  1521 W InputReader: Device virtio_input_multi_touch_3 is associated with display ADISPLAY_ID_NONE.
05-25 12:15:47.685   587  1521 W InputReader: Device virtio_input_multi_touch_4 is associated with display ADISPLAY_ID_NONE.
05-25 12:15:47.685   587  1521 W InputReader: Device virtio_input_multi_touch_5 is associated with display ADISPLAY_ID_NONE.
05-25 12:15:47.685   587  1521 W InputReader: Device virtio_input_multi_touch_11 is associated with display ADISPLAY_ID_NONE.
05-25 12:15:47.686   587  1521 W InputReader: Device virtio_input_multi_touch_8 is associated with display ADISPLAY_ID_NONE.
05-25 12:15:47.686   587  1521 W InputReader: Device virtio_input_multi_touch_2 is associated with display ADISPLAY_ID_NONE.
05-25 12:15:47.687   587  1521 W InputReader: Device virtio_input_multi_touch_10 is associated with display ADISPLAY_ID_NONE.
05-25 12:15:47.687   587  1521 W InputReader: Device virtio_input_multi_touch_7 is associated with display ADISPLAY_ID_NONE.
05-25 12:15:47.687   587  1521 W InputReader: Device virtio_input_multi_touch_9 is associated with display ADISPLAY_ID_NONE.
05-25 12:15:47.687   587  1521 W InputReader: Device virtio_input_multi_touch_6 is associated with display ADISPLAY_ID_NONE.
05-25 12:15:47.687   587  1521 W InputReader: Device virtio_input_multi_touch_3 is associated with display ADISPLAY_ID_NONE.
05-25 12:15:47.708  8364  8364 D LifecycleMonitor: Lifecycle status change: androidx.test.core.app.InstrumentationActivityInvoker$EmptyActivity@42035d9 in: PRE_ON_CREATE
05-25 12:15:47.714  8364  8364 V ActivityScenario: Activity lifecycle changed event received but ignored because the intent does not match. startActivityIntent=Intent { act=android.intent.action.MAIN cat=[android.intent.category.LAUNCHER] cmp=com.example.dogglers/.VerticalListActivity }, activity.getIntent()=Intent { act=android.intent.action.MAIN cat=[android.intent.category.LAUNCHER] flg=0x10000000 cmp=com.example.dogglers/androidx.test.core.app.InstrumentationActivityInvoker$EmptyActivity }, activity=androidx.test.core.app.InstrumentationActivityInvoker$EmptyActivity@42035d9
05-25 12:15:47.720  8364  8364 D LifecycleMonitor: Lifecycle status change: androidx.test.core.app.InstrumentationActivityInvoker$EmptyActivity@42035d9 in: CREATED
05-25 12:15:47.721  8364  8364 V ActivityScenario: Activity lifecycle changed event received but ignored because the intent does not match. startActivityIntent=Intent { act=android.intent.action.MAIN cat=[android.intent.category.LAUNCHER] cmp=com.example.dogglers/.VerticalListActivity }, activity.getIntent()=Intent { act=android.intent.action.MAIN cat=[android.intent.category.LAUNCHER] flg=0x10000000 cmp=com.example.dogglers/androidx.test.core.app.InstrumentationActivityInvoker$EmptyActivity }, activity=androidx.test.core.app.InstrumentationActivityInvoker$EmptyActivity@42035d9
05-25 12:15:47.724  8364  8364 D LifecycleMonitor: Lifecycle status change: androidx.test.core.app.InstrumentationActivityInvoker$EmptyActivity@42035d9 in: STARTED
05-25 12:15:47.725  8364  8364 V ActivityScenario: Activity lifecycle changed event received but ignored because the intent does not match. startActivityIntent=Intent { act=android.intent.action.MAIN cat=[android.intent.category.LAUNCHER] cmp=com.example.dogglers/.VerticalListActivity }, activity.getIntent()=Intent { act=android.intent.action.MAIN cat=[android.intent.category.LAUNCHER] flg=0x10000000 cmp=com.example.dogglers/androidx.test.core.app.InstrumentationActivityInvoker$EmptyActivity }, activity=androidx.test.core.app.InstrumentationActivityInvoker$EmptyActivity@42035d9
05-25 12:15:47.729  8364  8364 D LifecycleMonitor: Lifecycle status change: androidx.test.core.app.InstrumentationActivityInvoker$EmptyActivity@42035d9 in: RESUMED
05-25 12:15:47.730  8364  8364 V ActivityScenario: Activity lifecycle changed event received but ignored because the intent does not match. startActivityIntent=Intent { act=android.intent.action.MAIN cat=[android.intent.category.LAUNCHER] cmp=com.example.dogglers/.VerticalListActivity }, activity.getIntent()=Intent { act=android.intent.action.MAIN cat=[android.intent.category.LAUNCHER] flg=0x10000000 cmp=com.example.dogglers/androidx.test.core.app.InstrumentationActivityInvoker$EmptyActivity }, activity=androidx.test.core.app.InstrumentationActivityInvoker$EmptyActivity@42035d9
05-25 12:15:47.758   378   511 D goldfish-address-space: claimShared: Ask to claim region [0x3f2581000 0x3f2f25000]
05-25 12:15:47.763   378   511 D goldfish-address-space: claimShared: Ask to claim region [0x3f2f25000 0x3f38c9000]
05-25 12:15:47.771   378   511 D goldfish-address-space: claimShared: Ask to claim region [0x3f0000000 0x3f09a4000]
05-25 12:15:47.801   587   610 I ActivityTaskManager: Displayed com.example.dogglers/androidx.test.core.app.InstrumentationActivityInvoker$EmptyActivity: +205ms
05-25 12:15:47.829  8364  8364 D LifecycleMonitor: Lifecycle status change: com.example.dogglers.VerticalListActivity@9b3a26b in: STOPPED
05-25 12:15:47.830  8364  8364 V ActivityScenario: Update currentActivityStage to STOPPED, currentActivity=com.example.dogglers.VerticalListActivity@9b3a26b
05-25 12:15:47.845  8364  8364 D LifecycleMonitor: Lifecycle status change: com.example.dogglers.VerticalListActivity@9b3a26b in: DESTROYED
05-25 12:15:47.846  8364  8364 V ActivityScenario: Update currentActivityStage to DESTROYED, currentActivity=null
05-25 12:15:47.850   587  1521 W InputManager-JNI: Input channel object 'c0e3ec6 com.example.dogglers/com.example.dogglers.VerticalListActivity (client)' was disposed without first being removed with the input manager!
05-25 12:15:47.857  1322  1322 I GoogleInputMethodService: GoogleInputMethodService.onFinishInput():3269
05-25 12:15:47.857  1322  1322 I GoogleInputMethodService: GoogleInputMethodService.onStartInput():1947
05-25 12:15:47.863  8364  8364 D LifecycleMonitor: Lifecycle status change: androidx.test.core.app.InstrumentationActivityInvoker$EmptyActivity@42035d9 in: PAUSED
05-25 12:15:47.863  8364  8364 V ActivityScenario: Activity lifecycle changed event received but ignored because the intent does not match. startActivityIntent=Intent { act=android.intent.action.MAIN cat=[android.intent.category.LAUNCHER] cmp=com.example.dogglers/.VerticalListActivity }, activity.getIntent()=Intent { act=android.intent.action.MAIN cat=[android.intent.category.LAUNCHER] flg=0x10000000 cmp=com.example.dogglers/androidx.test.core.app.InstrumentationActivityInvoker$EmptyActivity }, activity=androidx.test.core.app.InstrumentationActivityInvoker$EmptyActivity@42035d9
05-25 12:15:47.867   587  1581 W InputReader: Device virtio_input_multi_touch_4 is associated with display ADISPLAY_ID_NONE.
05-25 12:15:47.867   587  1581 W InputReader: Device virtio_input_multi_touch_5 is associated with display ADISPLAY_ID_NONE.
05-25 12:15:47.867   587  1581 W InputReader: Device virtio_input_multi_touch_11 is associated with display ADISPLAY_ID_NONE.
05-25 12:15:47.867   587  1581 W InputReader: Device virtio_input_multi_touch_8 is associated with display ADISPLAY_ID_NONE.
05-25 12:15:47.867   587  1581 W InputReader: Device virtio_input_multi_touch_2 is associated with display ADISPLAY_ID_NONE.
05-25 12:15:47.868   587  1581 W InputReader: Device virtio_input_multi_touch_10 is associated with display ADISPLAY_ID_NONE.
05-25 12:15:47.868   587  1581 W InputReader: Device virtio_input_multi_touch_7 is associated with display ADISPLAY_ID_NONE.
05-25 12:15:47.869  1322  1322 I DeviceUnlockedTag: DeviceUnlockedTag.notifyDeviceLockStatusChanged():79 Notify device unlocked.
05-25 12:15:47.868   587  1581 W InputReader: Device virtio_input_multi_touch_9 is associated with display ADISPLAY_ID_NONE.
05-25 12:15:47.870   587  1581 W InputReader: Device virtio_input_multi_touch_6 is associated with display ADISPLAY_ID_NONE.
05-25 12:15:47.871   587  1581 W InputReader: Device virtio_input_multi_touch_3 is associated with display ADISPLAY_ID_NONE.
05-25 12:15:47.872   587  1581 W InputReader: Device virtio_input_multi_touch_4 is associated with display ADISPLAY_ID_NONE.
05-25 12:15:47.872   587  1581 W InputReader: Device virtio_input_multi_touch_5 is associated with display ADISPLAY_ID_NONE.
05-25 12:15:47.872   587  1581 W InputReader: Device virtio_input_multi_touch_11 is associated with display ADISPLAY_ID_NONE.
05-25 12:15:47.873   587  1581 W InputReader: Device virtio_input_multi_touch_8 is associated with display ADISPLAY_ID_NONE.
05-25 12:15:47.875   587  1581 W InputReader: Device virtio_input_multi_touch_2 is associated with display ADISPLAY_ID_NONE.
05-25 12:15:47.875   587  1581 W InputReader: Device virtio_input_multi_touch_10 is associated with display ADISPLAY_ID_NONE.
05-25 12:15:47.875   587  1581 W InputReader: Device virtio_input_multi_touch_7 is associated with display ADISPLAY_ID_NONE.
05-25 12:15:47.876   587  1581 W InputReader: Device virtio_input_multi_touch_9 is associated with display ADISPLAY_ID_NONE.
05-25 12:15:47.876   587  1581 W InputReader: Device virtio_input_multi_touch_6 is associated with display ADISPLAY_ID_NONE.
05-25 12:15:47.877   587  1581 W InputReader: Device virtio_input_multi_touch_3 is associated with display ADISPLAY_ID_NONE.
05-25 12:15:47.884  8364  8364 D LifecycleMonitor: Lifecycle status change: androidx.test.core.app.InstrumentationActivityInvoker$BootstrapActivity@adfa729 in: DESTROYED
05-25 12:15:47.885  8364  8364 V ActivityScenario: Activity lifecycle changed event received but ignored because the intent does not match. startActivityIntent=Intent { act=android.intent.action.MAIN cat=[android.intent.category.LAUNCHER] cmp=com.example.dogglers/.VerticalListActivity }, activity.getIntent()=Intent { act=android.intent.action.MAIN cat=[android.intent.category.LAUNCHER] flg=0x10008000 cmp=com.example.dogglers/androidx.test.core.app.InstrumentationActivityInvoker$BootstrapActivity (has extras) }, activity=androidx.test.core.app.InstrumentationActivityInvoker$BootstrapActivity@adfa729
05-25 12:15:47.892  8364  8364 D LifecycleMonitor: Lifecycle status change: androidx.test.core.app.InstrumentationActivityInvoker$EmptyActivity@498f677 in: PRE_ON_CREATE
05-25 12:15:47.892  8364  8364 V ActivityScenario: Activity lifecycle changed event received but ignored because the intent does not match. startActivityIntent=Intent { act=android.intent.action.MAIN cat=[android.intent.category.LAUNCHER] cmp=com.example.dogglers/.VerticalListActivity }, activity.getIntent()=Intent { act=android.intent.action.MAIN cat=[android.intent.category.LAUNCHER] flg=0x10000000 cmp=com.example.dogglers/androidx.test.core.app.InstrumentationActivityInvoker$EmptyActivity }, activity=androidx.test.core.app.InstrumentationActivityInvoker$EmptyActivity@498f677
05-25 12:15:47.908  8364  8364 D LifecycleMonitor: Lifecycle status change: androidx.test.core.app.InstrumentationActivityInvoker$EmptyActivity@498f677 in: CREATED
05-25 12:15:47.908  8364  8364 V ActivityScenario: Activity lifecycle changed event received but ignored because the intent does not match. startActivityIntent=Intent { act=android.intent.action.MAIN cat=[android.intent.category.LAUNCHER] cmp=com.example.dogglers/.VerticalListActivity }, activity.getIntent()=Intent { act=android.intent.action.MAIN cat=[android.intent.category.LAUNCHER] flg=0x10000000 cmp=com.example.dogglers/androidx.test.core.app.InstrumentationActivityInvoker$EmptyActivity }, activity=androidx.test.core.app.InstrumentationActivityInvoker$EmptyActivity@498f677
05-25 12:15:47.913  8364  8364 D LifecycleMonitor: Lifecycle status change: androidx.test.core.app.InstrumentationActivityInvoker$EmptyActivity@498f677 in: STARTED
05-25 12:15:47.914  8364  8364 V ActivityScenario: Activity lifecycle changed event received but ignored because the intent does not match. startActivityIntent=Intent { act=android.intent.action.MAIN cat=[android.intent.category.LAUNCHER] cmp=com.example.dogglers/.VerticalListActivity }, activity.getIntent()=Intent { act=android.intent.action.MAIN cat=[android.intent.category.LAUNCHER] flg=0x10000000 cmp=com.example.dogglers/androidx.test.core.app.InstrumentationActivityInvoker$EmptyActivity }, activity=androidx.test.core.app.InstrumentationActivityInvoker$EmptyActivity@498f677
05-25 12:15:47.916  8364  8364 D LifecycleMonitor: Lifecycle status change: androidx.test.core.app.InstrumentationActivityInvoker$EmptyActivity@498f677 in: RESUMED
05-25 12:15:47.917  8364  8364 V ActivityScenario: Activity lifecycle changed event received but ignored because the intent does not match. startActivityIntent=Intent { act=android.intent.action.MAIN cat=[android.intent.category.LAUNCHER] cmp=com.example.dogglers/.VerticalListActivity }, activity.getIntent()=Intent { act=android.intent.action.MAIN cat=[android.intent.category.LAUNCHER] flg=0x10000000 cmp=com.example.dogglers/androidx.test.core.app.InstrumentationActivityInvoker$EmptyActivity }, activity=androidx.test.core.app.InstrumentationActivityInvoker$EmptyActivity@498f677
05-25 12:15:47.939   378   511 D goldfish-address-space: claimShared: Ask to claim region [0x3f09a4000 0x3f1348000]
05-25 12:15:47.942   378   511 D goldfish-address-space: claimShared: Ask to claim region [0x3f1348000 0x3f1cec000]
05-25 12:15:47.948   378   511 D goldfish-address-space: claimShared: Ask to claim region [0x3f4ad0000 0x3f5474000]
05-25 12:15:47.969   587   610 I ActivityTaskManager: Displayed com.example.dogglers/androidx.test.core.app.InstrumentationActivityInvoker$EmptyActivity: +146ms
05-25 12:15:47.989  8364  8364 D LifecycleMonitor: Lifecycle status change: androidx.test.core.app.InstrumentationActivityInvoker$EmptyActivity@42035d9 in: STOPPED
05-25 12:15:47.989  8364  8364 V ActivityScenario: Activity lifecycle changed event received but ignored because the intent does not match. startActivityIntent=Intent { act=android.intent.action.MAIN cat=[android.intent.category.LAUNCHER] cmp=com.example.dogglers/.VerticalListActivity }, activity.getIntent()=Intent { act=android.intent.action.MAIN cat=[android.intent.category.LAUNCHER] flg=0x10000000 cmp=com.example.dogglers/androidx.test.core.app.InstrumentationActivityInvoker$EmptyActivity }, activity=androidx.test.core.app.InstrumentationActivityInvoker$EmptyActivity@42035d9
05-25 12:15:47.999   378   511 D goldfish-address-space: claimShared: Ask to claim region [0x3f2f25000 0x3f3551000]
05-25 12:15:48.023  8364  8364 D LifecycleMonitor: Lifecycle status change: androidx.test.core.app.InstrumentationActivityInvoker$EmptyActivity@42035d9 in: DESTROYED
05-25 12:15:48.023  8364  8364 V ActivityScenario: Activity lifecycle changed event received but ignored because the intent does not match. startActivityIntent=Intent { act=android.intent.action.MAIN cat=[android.intent.category.LAUNCHER] cmp=com.example.dogglers/.VerticalListActivity }, activity.getIntent()=Intent { act=android.intent.action.MAIN cat=[android.intent.category.LAUNCHER] flg=0x10000000 cmp=com.example.dogglers/androidx.test.core.app.InstrumentationActivityInvoker$EmptyActivity }, activity=androidx.test.core.app.InstrumentationActivityInvoker$EmptyActivity@42035d9
05-25 12:15:48.052   587  1581 W InputManager-JNI: Input channel object '69c0a62 com.example.dogglers/androidx.test.core.app.InstrumentationActivityInvoker$EmptyActivity (client)' was disposed without first being removed with the input manager!
05-25 12:15:48.058  8364  8364 D LifecycleMonitor: Lifecycle status change: androidx.test.core.app.InstrumentationActivityInvoker$EmptyActivity@498f677 in: PAUSED
05-25 12:15:48.060  8364  8364 V ActivityScenario: Activity lifecycle changed event received but ignored because the intent does not match. startActivityIntent=Intent { act=android.intent.action.MAIN cat=[android.intent.category.LAUNCHER] cmp=com.example.dogglers/.VerticalListActivity }, activity.getIntent()=Intent { act=android.intent.action.MAIN cat=[android.intent.category.LAUNCHER] flg=0x10000000 cmp=com.example.dogglers/androidx.test.core.app.InstrumentationActivityInvoker$EmptyActivity }, activity=androidx.test.core.app.InstrumentationActivityInvoker$EmptyActivity@498f677
05-25 12:15:48.066   587   982 W InputReader: Device virtio_input_multi_touch_4 is associated with display ADISPLAY_ID_NONE.
05-25 12:15:48.066   587   982 W InputReader: Device virtio_input_multi_touch_5 is associated with display ADISPLAY_ID_NONE.
05-25 12:15:48.066   587   982 W InputReader: Device virtio_input_multi_touch_11 is associated with display ADISPLAY_ID_NONE.
05-25 12:15:48.066   587   982 W InputReader: Device virtio_input_multi_touch_8 is associated with display ADISPLAY_ID_NONE.
05-25 12:15:48.066   587   982 W InputReader: Device virtio_input_multi_touch_2 is associated with display ADISPLAY_ID_NONE.
05-25 12:15:48.067   587   982 W InputReader: Device virtio_input_multi_touch_10 is associated with display ADISPLAY_ID_NONE.
05-25 12:15:48.067   587   982 W InputReader: Device virtio_input_multi_touch_7 is associated with display ADISPLAY_ID_NONE.
05-25 12:15:48.067   587   982 W InputReader: Device virtio_input_multi_touch_9 is associated with display ADISPLAY_ID_NONE.
05-25 12:15:48.067   587   982 W InputReader: Device virtio_input_multi_touch_6 is associated with display ADISPLAY_ID_NONE.
05-25 12:15:48.067   587   982 W InputReader: Device virtio_input_multi_touch_3 is associated with display ADISPLAY_ID_NONE.
05-25 12:15:48.067   587   982 W InputReader: Device virtio_input_multi_touch_4 is associated with display ADISPLAY_ID_NONE.
05-25 12:15:48.076   587   982 W InputReader: Device virtio_input_multi_touch_5 is associated with display ADISPLAY_ID_NONE.
05-25 12:15:48.083   587   982 W InputReader: Device virtio_input_multi_touch_11 is associated with display ADISPLAY_ID_NONE.
05-25 12:15:48.083   587   982 W InputReader: Device virtio_input_multi_touch_8 is associated with display ADISPLAY_ID_NONE.
05-25 12:15:48.084   587   982 W InputReader: Device virtio_input_multi_touch_2 is associated with display ADISPLAY_ID_NONE.
05-25 12:15:48.084   587   982 W InputReader: Device virtio_input_multi_touch_10 is associated with display ADISPLAY_ID_NONE.
05-25 12:15:48.084   587   982 W InputReader: Device virtio_input_multi_touch_7 is associated with display ADISPLAY_ID_NONE.
05-25 12:15:48.084   587   982 W InputReader: Device virtio_input_multi_touch_9 is associated with display ADISPLAY_ID_NONE.
05-25 12:15:48.084   587   982 W InputReader: Device virtio_input_multi_touch_6 is associated with display ADISPLAY_ID_NONE.
05-25 12:15:48.084   587   982 W InputReader: Device virtio_input_multi_touch_3 is associated with display ADISPLAY_ID_NONE.
05-25 12:15:48.092  8364  8387 E TestRunner: failed: vertical_scrolling(com.example.dogglers.VerticalListTests)
05-25 12:15:48.092  8364  8387 E TestRunner: ----- begin exception -----
05-25 12:15:48.094  8364  8387 E TestRunner: androidx.test.espresso.NoMatchingViewException: No views in hierarchy found matching: an instance of android.widget.TextView and view.getText() with or without transformation to match: is "Faye"
05-25 12:15:48.094  8364  8387 E TestRunner:
05-25 12:15:48.094  8364  8387 E TestRunner: View Hierarchy:
05-25 12:15:48.094  8364  8387 E TestRunner: +>DecorView{id=-1, visibility=VISIBLE, width=1080, height=2340, has-focus=false, has-focusable=true, has-window-focus=true, is-clickable=false, is-enabled=true, is-focused=false, is-focusable=false, is-layout-requested=false, is-selected=false, layout-params={(0,0)(fillxfill) ty=BASE_APPLICATION wanim=0x10302fe
05-25 12:15:48.094  8364  8387 E TestRunner:   fl=LAYOUT_IN_SCREEN LAYOUT_INSET_DECOR SPLIT_TOUCH HARDWARE_ACCELERATED DRAWS_SYSTEM_BAR_BACKGROUNDS
05-25 12:15:48.094  8364  8387 E TestRunner:   pfl=NO_MOVE_ANIMATION FORCE_DRAW_STATUS_BAR_BACKGROUND FIT_INSETS_CONTROLLED
05-25 12:15:48.094  8364  8387 E TestRunner:   bhv=DEFAULT
05-25 12:15:48.094  8364  8387 E TestRunner:   fitSides=}, tag=null, root-is-layout-requested=false, has-input-connection=false, x=0.0, y=0.0, child-count=3}
05-25 12:15:48.094  8364  8387 E TestRunner: |
05-25 12:15:48.094  8364  8387 E TestRunner: +->LinearLayout{id=-1, visibility=VISIBLE, width=1080, height=2296, has-focus=false, has-focusable=true, has-window-focus=true, is-clickable=false, is-enabled=true, is-focused=false, is-focusable=false, is-layout-requested=false, is-selected=false, layout-params=android.widget.FrameLayout$LayoutParams@c8c0b60, tag=null, root-is-layout-requested=false, has-input-connection=false, x=0.0, y=0.0, child-count=2}
05-25 12:15:48.094  8364  8387 E TestRunner: |
05-25 12:15:48.094  8364  8387 E TestRunner: +-->ViewStub{id=16908723, res-name=action_mode_bar_stub, visibility=GONE, width=0, height=0, has-focus=false, has-focusable=false, has-window-focus=true, is-clickable=false, is-enabled=true, is-focused=false, is-focusable=false, is-layout-requested=true, is-selected=false, layout-params=android.widget.LinearLayout$LayoutParams@f584819, tag=null, root-is-layout-requested=false, has-input-connection=false, x=0.0, y=0.0}
05-25 12:15:48.094  8364  8387 E TestRunner: |
05-25 12:15:48.094  8364  8387 E TestRunner: +-->FrameLayout{id=-1, visibility=VISIBLE, width=1080, height=2160, has-focus=false, has-focusable=true, has-window-focus=true, is-clickable=false, is-enabled=true, is-focused=false, is-focusable=false, is-layout-requested=false, is-selected=false, layout-params=android.widget.LinearLayout$LayoutParams@c42b2bf, tag=null, root-is-layout-requested=false, has-input-connection=false, x=0.0, y=136.0, child-count=1}
05-25 12:15:48.094  8364  8387 E TestRunner: |
05-25 12:15:48.094  8364  8387 E TestRunner: +--->ActionBarOverlayLayout{id=2131230866, res-name=decor_content_parent, visibility=VISIBLE, width=1080, height=2160, has-focus=false, has-focusable=true, has-window-focus=true, is-clickable=false, is-enabled=true, is-focused=false, is-focusable=false, is-layout-requested=false, is-selected=false, layout-params=android.widget.FrameLayout$LayoutParams@4b3ccea, tag=null, root-is-layout-requested=false, has-input-connection=false, x=0.0, y=0.0, child-count=2}
05-25 12:15:48.094  8364  8387 E TestRunner: |
05-25 12:15:48.094  8364  8387 E TestRunner: +---->ContentFrameLayout{id=16908290, res-name=content, visibility=VISIBLE, width=1080, height=2006, has-focus=false, has-focusable=true, has-window-focus=true, is-clickable=false, is-enabled=true, is-focused=false, is-focusable=false, is-layout-requested=false, is-selected=false, layout-params=androidx.appcompat.widget.ActionBarOverlayLayout$LayoutParams@af3e678, tag=null, root-is-layout-requested=false, has-input-connection=false, x=0.0, y=154.0, child-count=1}
05-25 12:15:48.094  8364  8387 E TestRunner: |
05-25 12:15:48.094  8364  8387 E TestRunner: +----->FrameLayout{id=-1, visibility=VISIBLE, width=1080, height=2006, has-focus=false, has-focusable=true, has-window-focus=true, is-clickable=false, is-enabled=true, is-focused=false, is-focusable=false, is-layout-requested=false, is-selected=false, layout-params=android.widget.FrameLayout$LayoutParams@279cdb6, tag=null, root-is-layout-requested=false, has-input-connection=false, x=0.0, y=0.0, child-count=1}
05-25 12:15:48.094  8364  8387 E TestRunner: |
05-25 12:15:48.094  8364  8387 E TestRunner: +------>RecyclerView{id=2131231206, res-name=vertical_recycler_view, visibility=VISIBLE, width=1080, height=2006, has-focus=false, has-focusable=true, has-window-focus=true, is-clickable=false, is-enabled=true, is-focused=false, is-focusable=true, is-layout-requested=false, is-selected=false, layout-params=android.widget.FrameLayout$LayoutParams@3cd0f42, tag=null, root-is-layout-requested=false, has-input-connection=false, x=0.0, y=0.0, child-count=3}
05-25 12:15:48.094  8364  8387 E TestRunner: |
05-25 12:15:48.096  8364  8387 E TestRunner: +------->MaterialCardView{id=-1, visibility=VISIBLE, width=1036, height=733, has-focus=false, has-focusable=false, has-window-focus=true, is-clickable=false, is-enabled=true, is-focused=false, is-focusable=false, is-layout-requested=false, is-selected=false, layout-params=androidx.recyclerview.widget.RecyclerView$LayoutParams@9e90c90, tag=null, root-is-layout-requested=false, has-input-connection=false, x=22.0, y=-151.0, is-checked=false, child-count=1}
05-25 12:15:48.096  8364  8387 E TestRunner: |
05-25 12:15:48.096  8364  8387 E TestRunner: +-------->ConstraintLayout{id=-1, visibility=VISIBLE, width=1036, height=733, has-focus=false, has-focusable=false, has-window-focus=true, is-clickable=false, is-enabled=true, is-focused=false, is-focusable=false, is-layout-requested=false, is-selected=false, layout-params=android.widget.FrameLayout$LayoutParams@c4b1545, tag=null, root-is-layout-requested=false, has-input-connection=false, x=0.0, y=0.0, child-count=4}
05-25 12:15:48.096  8364  8387 E TestRunner: |
05-25 12:15:48.096  8364  8387 E TestRunner: +--------->AppCompatImageView{id=2131230885, res-name=dog_image, visibility=VISIBLE, width=1036, height=534, has-focus=false, has-focusable=false, has-window-focus=true, is-clickable=false, is-enabled=true, is-focused=false, is-focusable=false, is-layout-requested=false, is-selected=false, layout-params=androidx.constraintlayout.widget.ConstraintLayout$LayoutParams@4d1449a, tag=null, root-is-layout-requested=false, has-input-connection=false, x=0.0, y=0.0}
05-25 12:15:48.096  8364  8387 E TestRunner: |
05-25 12:15:48.096  8364  8387 E TestRunner: +--------->MaterialTextView{id=2131230886, res-name=dog_name, visibility=VISIBLE, width=279, height=74, has-focus=false, has-focusable=false, has-window-focus=true, is-clickable=false, is-enabled=true, is-focused=false, is-focusable=false, is-layout-requested=false, is-selected=false, layout-params=androidx.constraintlayout.widget.ConstraintLayout$LayoutParams@91d51cb, tag=null, root-is-layout-requested=false, has-input-connection=false, x=22.0, y=556.0, text=Name: Nox, input-type=0, ime-target=false, has-links=false}
05-25 12:15:48.096  8364  8387 E TestRunner: |
05-25 12:15:48.096  8364  8387 E TestRunner: +--------->MaterialTextView{id=2131230883, res-name=dog_age, visibility=VISIBLE, width=133, height=59, has-focus=false, has-focusable=false, has-window-focus=true, is-clickable=false, is-enabled=true, is-focused=false, is-focusable=false, is-layout-requested=false, is-selected=false, layout-params=androidx.constraintlayout.widget.ConstraintLayout$LayoutParams@e69dda8, tag=null, root-is-layout-requested=false, has-input-connection=false, x=22.0, y=674.0, text=Age: 8, input-type=0, ime-target=false, has-links=false}
05-25 12:15:48.096  8364  8387 E TestRunner: |
05-25 12:15:48.096  8364  8387 E TestRunner: +--------->MaterialTextView{id=2131230884, res-name=dog_hobbies, visibility=VISIBLE, width=641, height=59, has-focus=false, has-focusable=false, has-window-focus=true, is-clickable=false, is-enabled=true, is-focused=false, is-focusable=false, is-layout-requested=false, is-selected=false, layout-params=androidx.constraintlayout.widget.ConstraintLayout$LayoutParams@c8cc0c1, tag=null, root-is-layout-requested=false, has-input-connection=false, x=373.0, y=663.0, text=Hobbies: meeting new animals, input-type=0, ime-target=false, has-links=false}
05-25 12:15:48.096  8364  8387 E TestRunner: |
05-25 12:15:48.096  8364  8387 E TestRunner: +------->MaterialCardView{id=-1, visibility=VISIBLE, width=1036, height=733, has-focus=false, has-focusable=false, has-window-focus=true, is-clickable=false, is-enabled=true, is-focused=false, is-focusable=false, is-layout-requested=false, is-selected=false, layout-params=androidx.recyclerview.widget.RecyclerView$LayoutParams@1ad3fa7, tag=null, root-is-layout-requested=false, has-input-connection=false, x=22.0, y=626.0, is-checked=false, child-count=1}
05-25 12:15:48.096  8364  8387 E TestRunner: |
05-25 12:15:48.096  8364  8387 E TestRunner: +-------->ConstraintLayout{id=-1, visibility=VISIBLE, width=1036, height=733, has-focus=false, has-focusable=false, has-window-focus=true, is-clickable=false, is-enabled=true, is-focused=false, is-focusable=false, is-layout-requested=false, is-selected=false, layout-params=android.widget.FrameLayout$LayoutParams@2e0b9c0, tag=null, root-is-layout-requested=false, has-input-connection=false, x=0.0, y=0.0, child-count=4}
05-25 12:15:48.096  8364  8387 E TestRunner: |
05-25 12:15:48.096  8364  8387 E TestRunner: +--------->AppCompatImageView{id=2131230885, res-name=dog_image, visibility=VISIBLE, width=1036, height=534, has-focus=false, has-focusable=false, has-window-focus=true, is-clickable=false, is-enabled=true, is-focused=false, is-focusable=false, is-layout-requested=false, is-selected=false, layout-params=androidx.constraintlayout.widget.ConstraintLayout$LayoutParams@cc7c6f9, tag=null, root-is-layout-requested=false, has-input-connection=false, x=0.0, y=0.0}
05-25 12:15:48.096  8364  8387 E TestRunner: |
05-25 12:15:48.096  8364  8387 E TestRunner: +--------->MaterialTextView{id=2131230886, res-name=dog_name, visibility=VISIBLE, width=297, height=74, has-focus=false, has-focusable=false, has-window-focus=true, is-clickable=false, is-enabled=true, is-focused=false, is-focusable=false, is-layout-requested=false, is-selected=false, layout-params=androidx.constraintlayout.widget.ConstraintLayout$LayoutParams@d45c63e, tag=null, root-is-layout-requested=false, has-input-connection=false, x=22.0, y=556.0, text=Name: Faye, input-type=0, ime-target=false, has-links=false}
05-25 12:15:48.096  8364  8387 E TestRunner: |
05-25 12:15:48.096  8364  8387 E TestRunner: +--------->MaterialTextView{id=2131230883, res-name=dog_age, visibility=VISIBLE, width=133, height=59, has-focus=false, has-focusable=false, has-window-focus=true, is-clickable=false, is-enabled=true, is-focused=false, is-focusable=false, is-layout-requested=false, is-selected=false, layout-params=androidx.constraintlayout.widget.ConstraintLayout$LayoutParams@b107c9f, tag=null, root-is-layout-requested=false, has-input-connection=false, x=22.0, y=674.0, text=Age: 8, input-type=0, ime-target=false, has-links=false}
05-25 12:15:48.096  8364  8387 E TestRunner: |
05-25 12:15:48.096  8364  8387 E TestRunner: +--------->MaterialTextView{id=2131230884, res-name=dog_hobbies, visibility=VISIBLE, width=641, height=59, has-focus=false, has-focusable=false, has-window-focus=true, is-clickable=false, is-enabled=true, is-focused=false, is-focusable=false, is-layout-requested=false, is-selected=false, layout-params=androidx.constraintlayout.widget.ConstraintLayout$LayoutParams@df7b1ec, tag=null, root-is-layout-requested=false, has-input-connection=false, x=373.0, y=663.0, text=Hobbies: Digging in the garden, input-type=0, ime-target=false, has-links=false}
05-25 12:15:48.096  8364  8387 E TestRunner: |
05-25 12:15:48.096  8364  8387 E TestRunner: +------->MaterialCardView{id=-1, visibility=VISIBLE, width=1036, height=733, has-focus=false, has-focusable=false, has-window-focus=true, is-clickable=false, is-enabled=true, is-focused=false, is-focusable=false, is-layout-requested=false, is-selected=false, layout-params=androidx.recyclerview.widget.RecyclerView$LayoutParams@ed4084a, tag=null, root-is-layout-requested=false, has-input-connection=false, x=22.0, y=1403.0, is-checked=false, child-count=1}
05-25 12:15:48.096  8364  8387 E TestRunner: |
05-25 12:15:48.096  8364  8387 E TestRunner: +-------->ConstraintLayout{id=-1, visibility=VISIBLE, width=1036, height=733, has-focus=false, has-focusable=false, has-window-focus=true, is-clickable=false, is-enabled=true, is-focused=false, is-focusable=false, is-layout-requested=false, is-selected=false, layout-params=android.widget.FrameLayout$LayoutParams@d0f6097, tag=null, root-is-layout-requested=false, has-input-connection=false, x=0.0, y=0.0, child-count=4}
05-25 12:15:48.096  8364  8387 E TestRunner: |
05-25 12:15:48.096  8364  8387 E TestRunner: +--------->AppCompatImageView{id=2131230885, res-name=dog_image, visibility=VISIBLE, width=1036, height=534, has-focus=false, has-focusable=false, has-window-focus=true, is-clickable=false, is-enabled=true, is-focused=false, is-focusable=false, is-layout-requested=false, is-selected=false, layout-params=androidx.constraintlayout.widget.ConstraintLayout$LayoutParams@ac45284, tag=null, root-is-layout-requested=false, has-input-connection=false, x=0.0, y=0.0}
05-25 12:15:48.096  8364  8387 E TestRunner: |
05-25 12:15:48.096  8364  8387 E TestRunner: +--------->MaterialTextView{id=2131230886, res-name=dog_name, visibility=VISIBLE, width=305, height=74, has-focus=false, has-focusable=false, has-window-focus=true, is-clickable=false, is-enabled=true, is-focused=false, is-focusable=false, is-layout-requested=false, is-selected=false, layout-params=androidx.constraintlayout.widget.ConstraintLayout$LayoutParams@cd38a6d, tag=null, root-is-layout-requested=false, has-input-connection=false, x=22.0, y=556.0, text=Name: Bella, input-type=0, ime-target=false, has-links=false}
05-25 12:15:48.096  8364  8387 E TestRunner: |
